/home/tmccoy/miniconda3/envs/openmc-env/lib/python3.10/site-packages/openmc/stats/multivariate.py:829: FutureWarning: The 'only_fissionable' has been deprecated. Use the 'constraints' argument when defining a source instead.
  warn("The 'only_fissionable' has been deprecated. Use the "
                                %%%%%%%%%%%%%%%
                           %%%%%%%%%%%%%%%%%%%%%%%%
                        %%%%%%%%%%%%%%%%%%%%%%%%%%%%%%
                      %%%%%%%%%%%%%%%%%%%%%%%%%%%%%%%%%%
                    %%%%%%%%%%%%%%%%%%%%%%%%%%%%%%%%%%%%%%
                   %%%%%%%%%%%%%%%%%%%%%%%%%%%%%%%%%%%%%%%%
                                    %%%%%%%%%%%%%%%%%%%%%%%%
                                     %%%%%%%%%%%%%%%%%%%%%%%%
                 ###############      %%%%%%%%%%%%%%%%%%%%%%%%
                ##################     %%%%%%%%%%%%%%%%%%%%%%%
                ###################     %%%%%%%%%%%%%%%%%%%%%%%
                ####################     %%%%%%%%%%%%%%%%%%%%%%
                #####################     %%%%%%%%%%%%%%%%%%%%%
                ######################     %%%%%%%%%%%%%%%%%%%%
                #######################     %%%%%%%%%%%%%%%%%%
                 #######################     %%%%%%%%%%%%%%%%%
                 ######################     %%%%%%%%%%%%%%%%%
                  ####################     %%%%%%%%%%%%%%%%%
                    #################     %%%%%%%%%%%%%%%%%
                     ###############     %%%%%%%%%%%%%%%%
                       ############     %%%%%%%%%%%%%%%
                          ########     %%%%%%%%%%%%%%
                                      %%%%%%%%%%%

                 | The OpenMC Monte Carlo Code
       Copyright | 2011-2024 MIT, UChicago Argonne LLC, and contributors
         License | https://docs.openmc.org/en/latest/license.html
         Version | 0.15.0
        Git SHA1 | 84fb85977f46e162fea8f5a20ea653a3ec62ac24
       Date/Time | 2026-06-30 15:58:29
  OpenMP Threads | 12

 Reading model XML file 'model.xml' ...
 Reading cross sections XML file...
 Reading U235 from /home/tmccoy/nuclear-data/endfb-viii.0-hdf5/neutron/U235.h5
 Reading U238 from /home/tmccoy/nuclear-data/endfb-viii.0-hdf5/neutron/U238.h5
 Reading Si28 from /home/tmccoy/nuclear-data/endfb-viii.0-hdf5/neutron/Si28.h5
 Reading Si29 from /home/tmccoy/nuclear-data/endfb-viii.0-hdf5/neutron/Si29.h5
 Reading Si30 from /home/tmccoy/nuclear-data/endfb-viii.0-hdf5/neutron/Si30.h5
 Reading Al27 from /home/tmccoy/nuclear-data/endfb-viii.0-hdf5/neutron/Al27.h5
 Reading H1 from /home/tmccoy/nuclear-data/endfb-viii.0-hdf5/neutron/H1.h5
 Reading H2 from /home/tmccoy/nuclear-data/endfb-viii.0-hdf5/neutron/H2.h5
 Reading O16 from /home/tmccoy/nuclear-data/endfb-viii.0-hdf5/neutron/O16.h5
 Reading O17 from /home/tmccoy/nuclear-data/endfb-viii.0-hdf5/neutron/O17.h5
 Reading O18 from /home/tmccoy/nuclear-data/endfb-viii.0-hdf5/neutron/O18.h5
 Reading Hf174 from /home/tmccoy/nuclear-data/endfb-viii.0-hdf5/neutron/Hf174.h5
 Reading Hf176 from /home/tmccoy/nuclear-data/endfb-viii.0-hdf5/neutron/Hf176.h5
 Reading Hf177 from /home/tmccoy/nuclear-data/endfb-viii.0-hdf5/neutron/Hf177.h5
 Reading Hf178 from /home/tmccoy/nuclear-data/endfb-viii.0-hdf5/neutron/Hf178.h5
 Reading Hf179 from /home/tmccoy/nuclear-data/endfb-viii.0-hdf5/neutron/Hf179.h5
 Reading Hf180 from /home/tmccoy/nuclear-data/endfb-viii.0-hdf5/neutron/Hf180.h5
 Reading C12 from /home/tmccoy/nuclear-data/endfb-viii.0-hdf5/neutron/C12.h5
 Reading C13 from /home/tmccoy/nuclear-data/endfb-viii.0-hdf5/neutron/C13.h5
 Reading N14 from /home/tmccoy/nuclear-data/endfb-viii.0-hdf5/neutron/N14.h5
 Reading N15 from /home/tmccoy/nuclear-data/endfb-viii.0-hdf5/neutron/N15.h5
 Reading c_Al27 from
 /home/tmccoy/nuclear-data/endfb-viii.0-hdf5/thermal/c_Al27.h5
 Reading c_H_in_H2O from
 /home/tmccoy/nuclear-data/endfb-viii.0-hdf5/thermal/c_H_in_H2O.h5
 Reading c_Graphite from
 /home/tmccoy/nuclear-data/endfb-viii.0-hdf5/thermal/c_Graphite.h5
 Minimum neutron data temperature: 250 K
 Maximum neutron data temperature: 2500 K
 Preparing distributed cell instances...
 Writing summary.h5 file...
 Maximum neutron transport energy: 20000000 eV for H1
 Initializing source particles...

 ====================>     K EIGENVALUE SIMULATION     <====================

  Bat./Gen.      k            Average k
  =========   ========   ====================
        1/1    0.99086
        2/1    1.00804
        3/1    1.02441
        4/1    1.01585
        5/1    1.02499
        6/1    1.02321
        7/1    1.02237
        8/1    1.03226
        9/1    1.03319
       10/1    1.02479
       11/1    1.03164
       12/1    1.01596
       13/1    1.02280
       14/1    1.02194
       15/1    1.01976
       16/1    1.03390
       17/1    1.02735
       18/1    1.02723
       19/1    1.02725
       20/1    1.02270
       21/1    1.02962
       22/1    1.02350
       23/1    1.03165
       24/1    1.02705
       25/1    1.03527
       26/1    1.02875
       27/1    1.01775
       28/1    1.03157
       29/1    1.02475
       30/1    1.02668
       31/1    1.02642
       32/1    1.02390
       33/1    1.02629
       34/1    1.01912
       35/1    1.03024
       36/1    1.02280
       37/1    1.02421
       38/1    1.03042
       39/1    1.02637
       40/1    1.03338
       41/1    1.02896
       42/1    1.02449
       43/1    1.00823
       44/1    1.01921
       45/1    1.02518
       46/1    1.02434
       47/1    1.02686
       48/1    1.02603
       49/1    1.03027
       50/1    1.04019
       51/1    1.01289
       52/1    1.02686    1.01988 +/- 0.00699
       53/1    1.03163    1.02380 +/- 0.00562
       54/1    1.03350    1.02622 +/- 0.00466
       55/1    1.02787    1.02655 +/- 0.00362
       56/1    1.02657    1.02655 +/- 0.00296
       57/1    1.02843    1.02682 +/- 0.00251
       58/1    1.02347    1.02640 +/- 0.00222
       59/1    1.03304    1.02714 +/- 0.00209
       60/1    1.02812    1.02724 +/- 0.00187
       61/1    1.03363    1.02782 +/- 0.00179
       62/1    1.03352    1.02829 +/- 0.00170
       63/1    1.03067    1.02848 +/- 0.00158
       64/1    1.02983    1.02857 +/- 0.00146
       65/1    1.02545    1.02837 +/- 0.00138
       66/1    1.02560    1.02819 +/- 0.00130
       67/1    1.02265    1.02787 +/- 0.00126
       68/1    1.02295    1.02759 +/- 0.00122
       69/1    1.03491    1.02798 +/- 0.00122
       70/1    1.02690    1.02793 +/- 0.00116
       71/1    1.04009    1.02850 +/- 0.00124
       72/1    1.03147    1.02864 +/- 0.00119
       73/1    1.02911    1.02866 +/- 0.00114
       74/1    1.03043    1.02873 +/- 0.00109
       75/1    1.03736    1.02908 +/- 0.00111
       76/1    1.04275    1.02960 +/- 0.00119
       77/1    1.01827    1.02918 +/- 0.00122
       78/1    1.03082    1.02924 +/- 0.00117
       79/1    1.02373    1.02905 +/- 0.00115
       80/1    1.02979    1.02908 +/- 0.00111
       81/1    1.03847    1.02938 +/- 0.00111
       82/1    1.02528    1.02925 +/- 0.00109
       83/1    1.01693    1.02888 +/- 0.00112
       84/1    1.02386    1.02873 +/- 0.00109
       85/1    1.01882    1.02845 +/- 0.00110
       86/1    1.03573    1.02865 +/- 0.00109
       87/1    1.02308    1.02850 +/- 0.00107
       88/1    1.03072    1.02856 +/- 0.00104
       89/1    1.02902    1.02857 +/- 0.00101
       90/1    1.02758    1.02855 +/- 0.00099
       91/1    1.02591    1.02848 +/- 0.00097
       92/1    1.01908    1.02826 +/- 0.00097
       93/1    1.02566    1.02820 +/- 0.00095
       94/1    1.02449    1.02811 +/- 0.00093
       95/1    1.02382    1.02802 +/- 0.00091
       96/1    1.02629    1.02798 +/- 0.00090
       97/1    1.03145    1.02805 +/- 0.00088
       98/1    1.02009    1.02789 +/- 0.00088
       99/1    1.03482    1.02803 +/- 0.00087
      100/1    1.03589    1.02819 +/- 0.00087
      101/1    1.03847    1.02839 +/- 0.00087
      102/1    1.03443    1.02850 +/- 0.00086
      103/1    1.03211    1.02857 +/- 0.00085
      104/1    1.02911    1.02858 +/- 0.00083
      105/1    1.02626    1.02854 +/- 0.00082
      106/1    1.02249    1.02843 +/- 0.00081
      107/1    1.02305    1.02834 +/- 0.00080
      108/1    1.02532    1.02829 +/- 0.00079
      109/1    1.02148    1.02817 +/- 0.00079
      110/1    1.01794    1.02800 +/- 0.00079
      111/1    1.03131    1.02805 +/- 0.00078
      112/1    1.02236    1.02796 +/- 0.00077
      113/1    1.02994    1.02799 +/- 0.00076
      114/1    1.02485    1.02794 +/- 0.00075
      115/1    1.02426    1.02789 +/- 0.00074
      116/1    1.03298    1.02796 +/- 0.00073
      117/1    1.01590    1.02778 +/- 0.00075
      118/1    1.03126    1.02784 +/- 0.00074
      119/1    1.02944    1.02786 +/- 0.00073
      120/1    1.02182    1.02777 +/- 0.00072
      121/1    1.02937    1.02780 +/- 0.00071
      122/1    1.03237    1.02786 +/- 0.00070
      123/1    1.02780    1.02786 +/- 0.00069
      124/1    1.03076    1.02790 +/- 0.00069
      125/1    1.02606    1.02787 +/- 0.00068
      126/1    1.02648    1.02785 +/- 0.00067
      127/1    1.02134    1.02777 +/- 0.00067
      128/1    1.02079    1.02768 +/- 0.00066
      129/1    1.03955    1.02783 +/- 0.00067
      130/1    1.02767    1.02783 +/- 0.00066
      131/1    1.02572    1.02780 +/- 0.00065
      132/1    1.03290    1.02786 +/- 0.00065
      133/1    1.02776    1.02786 +/- 0.00064
      134/1    1.02981    1.02789 +/- 0.00063
      135/1    1.01817    1.02777 +/- 0.00064
      136/1    1.01950    1.02768 +/- 0.00064
      137/1    1.03075    1.02771 +/- 0.00063
      138/1    1.03046    1.02774 +/- 0.00062
      139/1    1.03156    1.02779 +/- 0.00062
      140/1    1.02199    1.02772 +/- 0.00062
      141/1    1.02918    1.02774 +/- 0.00061
      142/1    1.02809    1.02774 +/- 0.00060
      143/1    1.02565    1.02772 +/- 0.00060
      144/1    1.03422    1.02779 +/- 0.00059
      145/1    1.03079    1.02782 +/- 0.00059
      146/1    1.02155    1.02775 +/- 0.00059
      147/1    1.04205    1.02790 +/- 0.00060
      148/1    1.03208    1.02794 +/- 0.00059
      149/1    1.03115    1.02798 +/- 0.00059
      150/1    1.02842    1.02798 +/- 0.00058
 Creating state point statepoint.150.h5...

 =======================>     TIMING STATISTICS     <=======================

 Total time for initialization     = 3.8216e+00 seconds
   Reading cross sections          = 2.5120e+00 seconds
 Total time in simulation          = 4.6720e+02 seconds
   Time in transport only          = 4.6467e+02 seconds
   Time in inactive batches        = 1.6009e+02 seconds
   Time in active batches          = 3.0711e+02 seconds
   Time synchronizing fission bank = 2.0280e+00 seconds
     Sampling source sites         = 1.8483e+00 seconds
     SEND/RECV source sites        = 1.7845e-01 seconds
   Time accumulating tallies       = 2.3434e-04 seconds
   Time writing statepoints        = 1.9240e-02 seconds
 Total time for finalization       = 2.6460e-06 seconds
 Total time elapsed                = 4.7119e+02 seconds
 Calculation Rate (inactive)       = 21863.1 particles/second
 Calculation Rate (active)         = 22793.1 particles/second

 ============================>     RESULTS     <============================

 k-effective (Collision)     = 1.02735 +/- 0.00043
 k-effective (Track-length)  = 1.02798 +/- 0.00058
 k-effective (Absorption)    = 1.02756 +/- 0.00042
 Combined k-effective        = 1.02758 +/- 0.00040
 Leakage Fraction            = 0.13766 +/- 0.00015


all-in  keff = 1.02758 +/- 0.00040
vs TECDOC 1.0296  : -202 pcm
vs baseline 1.01944: +814 pcm
